src/pages/dashboard/admin/AdminOrdersPage.tsx(351,7): error TS2448: Block-scoped variable 'loadOrders' used before its declaration.
src/pages/dashboard/admin/AdminOrdersPage.tsx(379,22): error TS2304: Cannot find name 'useCallback'.
src/pages/dashboard/admin/SuperAdminOrdersPage.tsx(300,20): error TS2339: Property 'error' does not exist on type '{ data: Order | undefined; status: number; }'.
src/pages/dashboard/admin/SuperAdminOrdersPage.tsx(301,28): error TS2339: Property 'error' does not exist on type '{ data: Order | undefined; status: number; }'.
src/pages/dashboard/admin/SuperAdminOrdersPage.tsx(513,13): error TS2322: Type '(silent?: boolean) => Promise<void>' is not assignable to type 'MouseEventHandler<HTMLButtonElement>'.
  Types of parameters 'silent' and 'event' are incompatible.
    Type 'MouseEvent<HTMLButtonElement, MouseEvent>' is not assignable to type 'boolean | undefined'.
src/pages/dashboard/admin/SuperAdminOrdersPage.tsx(625,15): error TS2322: Type '(silent?: boolean) => Promise<void>' is not assignable to type 'MouseEventHandler<HTMLButtonElement>'.
  Types of parameters 'silent' and 'event' are incompatible.
    Type 'MouseEvent<HTMLButtonElement, MouseEvent>' is not assignable to type 'boolean | undefined'.
